MPASM 03.50 Released                              POKUSNE.ASM   10-20-2005  18:09:43         PAGE  1


LOC  OBJECT CODE     LINE SOURCE TEXT
  VALUE

                      00001 ;**********************************************************
                      00002 ; POKUSNE PODPROGRAMY. TADY BUDU POSTUPNE TESTOVAT FUNKCNOST PODPROGRAMU...
Error[150]  : Labels must be defined in a code or data section when making an object file
0000                  00003 POKUSNY_KOD1  ; odesle po seriove lince pozdrav a pote rozsviti LED
Error[152]  : Executable code and data must be defined in an appropriate section
0000                  00004         movlw 'A'       
Error[113]  : Symbol not previously defined (WR_USART)
Error[152]  : Executable code and data must be defined in an appropriate section
0000                  00005         call WR_USART
Error[152]  : Executable code and data must be defined in an appropriate section
0000                  00006         movlw 'h'
Error[113]  : Symbol not previously defined (WR_USART)
Error[152]  : Executable code and data must be defined in an appropriate section
0000                  00007         call WR_USART
Error[152]  : Executable code and data must be defined in an appropriate section
0000                  00008         movlw 'o'
Error[113]  : Symbol not previously defined (WR_USART)
Error[152]  : Executable code and data must be defined in an appropriate section
0000                  00009         call WR_USART
Error[152]  : Executable code and data must be defined in an appropriate section
0000                  00010         movlw 'j'
Error[113]  : Symbol not previously defined (WR_USART)
Error[152]  : Executable code and data must be defined in an appropriate section
0000                  00011         call WR_USART
Error[152]  : Executable code and data must be defined in an appropriate section
0000                  00012         movlw '!'
Error[113]  : Symbol not previously defined (WR_USART)
Error[152]  : Executable code and data must be defined in an appropriate section
0000                  00013         call WR_USART
Error[152]  : Executable code and data must be defined in an appropriate section
0000                  00014         return
Error[150]  : Labels must be defined in a code or data section when making an object file
0000                  00015 POKUSNY_KOD5    ; resetuje disk, pocka na pripravenost, zapise a pak znova precte 
                      00016                                 ; DEVICE. Tuto hodnotu pak odesle... prijmeme-li b'11100101'
                      00017                                 ; a LED se rozsviti je vse OK
                      00018         ;resetujeme disk
                      00019         ;call DELAY_25us   ; mame pockat nez se ustali napeti 
Error[113]  : Symbol not previously defined (ATA_RESET_N)
Error[128]  : Missing argument(s)
Error[152]  : Executable code and data must be defined in an appropriate section
0000                  00020         bcf ATA_RESET_N
Error[113]  : Symbol not previously defined (DELAY_25us)
Error[152]  : Executable code and data must be defined in an appropriate section
0000                  00021         call DELAY_25us   ; mame pockat nez se ustali napeti 
Error[113]  : Symbol not previously defined (ATA_RESET_N)
Error[128]  : Missing argument(s)
Error[152]  : Executable code and data must be defined in an appropriate section
0000                  00022         bsf ATA_RESET_N   ; koncime s resetem disku
                      00023 
                      00024         ; rekneme disku, ze s nim chcem pracovat (s masterem)
Error[113]  : Symbol not previously defined (ST1)
Error[152]  : Executable code and data must be defined in an appropriate section
0000                  00025         call ST1
MPASM 03.50 Released                              POKUSNE.ASM   10-20-2005  18:09:43         PAGE  2


LOC  OBJECT CODE     LINE SOURCE TEXT
  VALUE

Error[152]  : Executable code and data must be defined in an appropriate section
0000                  00026         movlw b'11100000'       ; adresy budou v LBA, budeme pracovat s masterem
Error[113]  : Symbol not previously defined (DEVICE)
Error[152]  : Executable code and data must be defined in an appropriate section
0000                  00027         movwf DEVICE
Error[113]  : Symbol not previously defined (WR_DEVICE)
Error[152]  : Executable code and data must be defined in an appropriate section
0000                  00028         call WR_DEVICE  
                      00029         
Error[113]  : Symbol not previously defined (ST1)
Error[152]  : Executable code and data must be defined in an appropriate section
0000                  00030         call ST1                        ; cekame az bude disk ready
Error[152]  : Executable code and data must be defined in an appropriate section
0000                  00031     movlw b'00000110'   ;soft reset
Error[113]  : Symbol not previously defined (DEVICE_C)
Error[152]  : Executable code and data must be defined in an appropriate section
0000                  00032     movwf DEVICE_C              
Error[113]  : Symbol not previously defined (WR_DC)
Error[152]  : Executable code and data must be defined in an appropriate section
0000                  00033         call WR_DC              ; zapiseme hodnotu do registru DEVICE CONTROL
                      00034 
                      00035         ; zakazeme preruseni (ted mam na mysli signal INTRQ z disku)
Error[113]  : Symbol not previously defined (ST1)
Error[152]  : Executable code and data must be defined in an appropriate section
0000                  00036         call ST1                        ; cekame az bude disk ready
Error[152]  : Executable code and data must be defined in an appropriate section
0000                  00037         movlw b'00000010'   ; bit nIEN = 1 -> zakazeme preruseni disku (stejne nemame signal INTRQ pripo
                            jen)
Error[113]  : Symbol not previously defined (DEVICE_C)
Error[152]  : Executable code and data must be defined in an appropriate section
0000                  00038         movwf DEVICE_C          
Error[113]  : Symbol not previously defined (WR_DC)
Error[152]  : Executable code and data must be defined in an appropriate section
0000                  00039         call WR_DC              ; zapiseme hodnotu do registru DEVICE CONTROL
                      00040 
                      00041         ; rekneme disku, ze s nim chcem pracovat (s masterem)
Error[113]  : Symbol not previously defined (ST1)
Error[152]  : Executable code and data must be defined in an appropriate section
0000                  00042         call ST1
Error[152]  : Executable code and data must be defined in an appropriate section
0000                  00043         movlw b'11100000'       ; adresy budou v LBA, budeme pracovat s masterem
Error[113]  : Symbol not previously defined (DEVICE)
Error[152]  : Executable code and data must be defined in an appropriate section
0000                  00044         movwf DEVICE
Error[113]  : Symbol not previously defined (FEATURES)
Error[152]  : Executable code and data must be defined in an appropriate section
0000                  00045         clrf FEATURES
Error[113]  : Symbol not previously defined (SECTOR_C)
Error[152]  : Executable code and data must be defined in an appropriate section
0000                  00046         clrf SECTOR_C
Error[113]  : Symbol not previously defined (LBA1)
Error[152]  : Executable code and data must be defined in an appropriate section
0000                  00047         clrf LBA1
MPASM 03.50 Released                              POKUSNE.ASM   10-20-2005  18:09:43         PAGE  3


LOC  OBJECT CODE     LINE SOURCE TEXT
  VALUE

Error[113]  : Symbol not previously defined (LBA2)
Error[152]  : Executable code and data must be defined in an appropriate section
0000                  00048         clrf LBA2
Error[113]  : Symbol not previously defined (LBA3)
Error[152]  : Executable code and data must be defined in an appropriate section
0000                  00049         clrf LBA3
Error[152]  : Executable code and data must be defined in an appropriate section
0000                  00050         movlw 0xEC                      ; code prikazu IDENTIFY DEVICE
Error[113]  : Symbol not previously defined (COMMAND)
Error[152]  : Executable code and data must be defined in an appropriate section
0000                  00051         movwf COMMAND
Error[113]  : Symbol not previously defined (WR_BLOCK)
Error[152]  : Executable code and data must be defined in an appropriate section
0000                  00052         call WR_BLOCK           ; zapiseme vse, a dame prikaz (IDENTIFY DEVICE) 
                      00053 
Error[150]  : Labels must be defined in a code or data section when making an object file
0000                  00054 POK5_STATUS
Error[113]  : Symbol not previously defined (RD_STATUS)
Error[152]  : Executable code and data must be defined in an appropriate section
0000                  00055         call RD_STATUS
Error[113]  : Symbol not previously defined (ATA_STATUS)
Error[152]  : Executable code and data must be defined in an appropriate section
0000                  00056         movfw ATA_STATUS 
Error[113]  : Symbol not previously defined (WR_USART)
Error[152]  : Executable code and data must be defined in an appropriate section
0000                  00057         call WR_USART   ;80
                      00058         ;call DELAY_25us
Error[113]  : Symbol not previously defined (ATA_STATUS)
Error[152]  : Executable code and data must be defined in an appropriate section
0000                  00059         movfw ATA_STATUS
Error[152]  : Executable code and data must be defined in an appropriate section
0000                  00060         andlw h'ff'
Error[113]  : Symbol not previously defined (STATUS)
Error[113]  : Symbol not previously defined (Z)
Error[152]  : Executable code and data must be defined in an appropriate section
0000                  00061         btfss STATUS,Z
Error[151]  : Operand contains unresolvable labels or is too complex
Error[152]  : Executable code and data must be defined in an appropriate section
0000                  00062         goto POK5_STATUS
                      00063 
                      00064         ;call KONTROLA
                      00065         
Error[152]  : Executable code and data must be defined in an appropriate section
0000                  00066         return
                      00067 ;**********************************************************
Error[150]  : Labels must be defined in a code or data section when making an object file
0000                  00068 KONTROLA
                      00069         ;call ST1       
Error[113]  : Symbol not previously defined (RD_STATUS_A)
Error[152]  : Executable code and data must be defined in an appropriate section
0000                  00070         call RD_STATUS_A
Error[113]  : Symbol not previously defined (ATA_STATUS_A)
Error[152]  : Executable code and data must be defined in an appropriate section
MPASM 03.50 Released                              POKUSNE.ASM   10-20-2005  18:09:43         PAGE  4


LOC  OBJECT CODE     LINE SOURCE TEXT
  VALUE

0000                  00071         movfw ATA_STATUS_A 
Error[113]  : Symbol not previously defined (WR_USART)
Error[152]  : Executable code and data must be defined in an appropriate section
0000                  00072         call WR_USART   ;00
                      00073         
                      00074         ;call ST1       
Error[113]  : Symbol not previously defined (RD_ERROR)
Error[152]  : Executable code and data must be defined in an appropriate section
0000                  00075         call RD_ERROR
Error[113]  : Symbol not previously defined (ATA_ERROR)
Error[152]  : Executable code and data must be defined in an appropriate section
0000                  00076         movfw ATA_ERROR 
Error[113]  : Symbol not previously defined (WR_USART)
Error[152]  : Executable code and data must be defined in an appropriate section
0000                  00077         call WR_USART   ;00
                      00078         
                      00079         ;call ST1
Error[113]  : Symbol not previously defined (RD_SC)
Error[152]  : Executable code and data must be defined in an appropriate section
0000                  00080         call RD_SC
Error[113]  : Symbol not previously defined (SECTOR_C)
Error[152]  : Executable code and data must be defined in an appropriate section
0000                  00081         movfw SECTOR_C
Error[113]  : Symbol not previously defined (WR_USART)
Error[152]  : Executable code and data must be defined in an appropriate section
0000                  00082         call WR_USART   ;80
                      00083         
                      00084         ;call ST1
Error[113]  : Symbol not previously defined (RD_LBA1)
Error[152]  : Executable code and data must be defined in an appropriate section
0000                  00085         call RD_LBA1
Error[113]  : Symbol not previously defined (LBA1)
Error[152]  : Executable code and data must be defined in an appropriate section
0000                  00086         movfw LBA1
Error[113]  : Symbol not previously defined (WR_USART)
Error[152]  : Executable code and data must be defined in an appropriate section
0000                  00087         call WR_USART   ;20
                      00088         
                      00089         ;call ST1
Error[113]  : Symbol not previously defined (RD_LBA2)
Error[152]  : Executable code and data must be defined in an appropriate section
0000                  00090         call RD_LBA2
Error[113]  : Symbol not previously defined (LBA2)
Error[152]  : Executable code and data must be defined in an appropriate section
0000                  00091         movfw LBA2
Error[152]  : Executable code and data must be defined in an appropriate section
0000                  00092         movlw .0
Error[113]  : Symbol not previously defined (WR_USART)
Error[152]  : Executable code and data must be defined in an appropriate section
0000                  00093         call WR_USART   ;ff
                      00094         
                      00095         ;call ST1
Error[113]  : Symbol not previously defined (RD_LBA3)
MPASM 03.50 Released                              POKUSNE.ASM   10-20-2005  18:09:43         PAGE  5


LOC  OBJECT CODE     LINE SOURCE TEXT
  VALUE

Error[152]  : Executable code and data must be defined in an appropriate section
0000                  00096         call RD_LBA3
Error[113]  : Symbol not previously defined (LBA3)
Error[152]  : Executable code and data must be defined in an appropriate section
0000                  00097         movfw LBA3
Error[113]  : Symbol not previously defined (WR_USART)
Error[152]  : Executable code and data must be defined in an appropriate section
0000                  00098         call WR_USART   ;80
                      00099         
                      00100         ;call ST1
Error[113]  : Symbol not previously defined (RD_DEVICE)
Error[152]  : Executable code and data must be defined in an appropriate section
0000                  00101         call RD_DEVICE
Error[113]  : Symbol not previously defined (DEVICE)
Error[152]  : Executable code and data must be defined in an appropriate section
0000                  00102         movfw DEVICE
Error[113]  : Symbol not previously defined (WR_USART)
Error[152]  : Executable code and data must be defined in an appropriate section
0000                  00103         call WR_USART   ;80
                      00104         
                      00105         ;call ST1
Error[113]  : Symbol not previously defined (RD_STATUS)
Error[152]  : Executable code and data must be defined in an appropriate section
0000                  00106         call RD_STATUS
Error[113]  : Symbol not previously defined (ATA_STATUS)
Error[152]  : Executable code and data must be defined in an appropriate section
0000                  00107         movfw ATA_STATUS 
Error[113]  : Symbol not previously defined (WR_USART)
Error[152]  : Executable code and data must be defined in an appropriate section
0000                  00108         call WR_USART   ;80
                      00109         
Error[152]  : Executable code and data must be defined in an appropriate section
0000                  00110         return  
Error[150]  : Labels must be defined in a code or data section when making an object file
0000                  00111 POKUSNY_KOD4  ; pocka nez prijde nejake dato 
Error[152]  : Executable code and data must be defined in an appropriate section
0000                  00112         movlw b'10000000'       ;zapnu USART, povolim continuous receive
Error[113]  : Symbol not previously defined (RCSTA)
Error[152]  : Executable code and data must be defined in an appropriate section
0000                  00113         movwf RCSTA
Error[152]  : Executable code and data must be defined in an appropriate section
0000                  00114         movlw b'10010000'       ;zapnu USART, povolim continuous receive
Error[113]  : Symbol not previously defined (RCSTA)
Error[152]  : Executable code and data must be defined in an appropriate section
0000                  00115         movwf RCSTA
                      00116 
Error[113]  : Symbol not previously defined (PIR1)
Error[152]  : Executable code and data must be defined in an appropriate section
0000                  00117         btfss PIR1,5    ; vlajka preruseni 1 = The USART receive buffer is full
Error[151]  : Operand contains unresolvable labels or is too complex
Error[152]  : Executable code and data must be defined in an appropriate section
0000                  00118         goto POKUSNY_KOD4
                      00119 
MPASM 03.50 Released                              POKUSNE.ASM   10-20-2005  18:09:43         PAGE  6


LOC  OBJECT CODE     LINE SOURCE TEXT
  VALUE

Error[113]  : Symbol not previously defined (PIR1)
Error[152]  : Executable code and data must be defined in an appropriate section
0000                  00120         bcf PIR1,5
                      00121 
                      00122         ;movfw RCREG
                      00123         ;sublw h'8a'
                      00124         ;btfss STATUS,Z
                      00125         ;goto POKUSNY_KOD4
                      00126 
Error[152]  : Executable code and data must be defined in an appropriate section
0000                  00127         movlw b'10000000'       ;zapnu USART, povolim continuous receive
Error[113]  : Symbol not previously defined (RCSTA)
Error[152]  : Executable code and data must be defined in an appropriate section
0000                  00128         movwf RCSTA
Error[152]  : Executable code and data must be defined in an appropriate section
0000                  00129         movlw b'10010000'       ;zapnu USART, povolim continuous receive
Error[113]  : Symbol not previously defined (RCSTA)
Error[152]  : Executable code and data must be defined in an appropriate section
0000                  00130         movwf RCSTA
                      00131 
Error[113]  : Symbol not previously defined (ERROR_LED)
Error[128]  : Missing argument(s)
Error[152]  : Executable code and data must be defined in an appropriate section
0000                  00132         bsf ERROR_LED
Error[152]  : Executable code and data must be defined in an appropriate section
0000                  00133         return
Error[129]  : Expected (END)
MPASM 03.50 Released                              POKUSNE.ASM   10-20-2005  18:09:43         PAGE  7


SYMBOL TABLE
  LABEL                             VALUE 

KONTROLA                          00000000
POK5_STATUS                       00000000
POKUSNY_KOD1                      00000000
POKUSNY_KOD4                      00000000
POKUSNY_KOD5                      00000000
__16F877                          00000001

Errors   :   158
Warnings :     0 reported,     0 suppressed
Messages :     0 reported,     0 suppressed

