MPASM 03.50 Released                                  LCD.ASM   1-30-2006  16:51:12         PAGE  1


LOC  OBJECT CODE     LINE SOURCE TEXT
  VALUE

                      00001 ;*******************************************************************************************************
                            *************
                      00002 ; RUTINY PRO PRACI S LCD
                      00003 ;*******************************************************************************************************
                            *************
Error[150]  : Labels must be defined in a code or data section when making an object file
0000                  00004 INIT_LCD
Error[113]  : Symbol not previously defined (ZPOZ_20MS)
Error[152]  : Executable code and data must be defined in an appropriate section
0000                  00005         call ZPOZ_20MS                  ; nez se ustali napeti
Error[151]  : Operand contains unresolvable labels or is too complex
Error[152]  : Executable code and data must be defined in an appropriate section
0000                  00006         call INIT8B
Error[113]  : Symbol not previously defined (ZPOZ_20MS)
Error[152]  : Executable code and data must be defined in an appropriate section
0000                  00007         call ZPOZ_20MS
Error[151]  : Operand contains unresolvable labels or is too complex
Error[152]  : Executable code and data must be defined in an appropriate section
0000                  00008         call INIT8B
Error[113]  : Symbol not previously defined (ZPOZ_20MS)
Error[152]  : Executable code and data must be defined in an appropriate section
0000                  00009         call ZPOZ_20MS
Error[151]  : Operand contains unresolvable labels or is too complex
Error[152]  : Executable code and data must be defined in an appropriate section
0000                  00010         call INIT8B
Error[113]  : Symbol not previously defined (ZPOZ_20MS)
Error[152]  : Executable code and data must be defined in an appropriate section
0000                  00011         call ZPOZ_20MS
Error[151]  : Operand contains unresolvable labels or is too complex
Error[152]  : Executable code and data must be defined in an appropriate section
0000                  00012         call INIT8B
Error[113]  : Symbol not previously defined (ZPOZ_20MS)
Error[152]  : Executable code and data must be defined in an appropriate section
0000                  00013         call ZPOZ_20MS
Error[151]  : Operand contains unresolvable labels or is too complex
Error[152]  : Executable code and data must be defined in an appropriate section
0000                  00014         call INIT8B
                      00015 
Error[151]  : Operand contains unresolvable labels or is too complex
Error[152]  : Executable code and data must be defined in an appropriate section
0000                  00016         call CZ_INI
                      00017 
Error[152]  : Executable code and data must be defined in an appropriate section
0000                  00018         movlw b'00000110' 
Error[151]  : Operand contains unresolvable labels or is too complex
Error[152]  : Executable code and data must be defined in an appropriate section
0000                  00019         call ZAPISI
Error[152]  : Executable code and data must be defined in an appropriate section
0000                  00020         movlw b'00000001' 
Error[151]  : Operand contains unresolvable labels or is too complex
Error[152]  : Executable code and data must be defined in an appropriate section
0000                  00021         call ZAPISI
Error[113]  : Symbol not previously defined (ZPOZ_2MS)
MPASM 03.50 Released                                  LCD.ASM   1-30-2006  16:51:12         PAGE  2


LOC  OBJECT CODE     LINE SOURCE TEXT
  VALUE

Error[152]  : Executable code and data must be defined in an appropriate section
0000                  00022         CALL ZPOZ_2MS
Error[152]  : Executable code and data must be defined in an appropriate section
0000                  00023         return
                      00024 ;*******************************************************************************************************
                            *************
Error[150]  : Labels must be defined in a code or data section when making an object file
0000                  00025 SMAZ_LCD
Error[152]  : Executable code and data must be defined in an appropriate section
0000                  00026         movlw b'00000001' 
Error[151]  : Operand contains unresolvable labels or is too complex
Error[152]  : Executable code and data must be defined in an appropriate section
0000                  00027         call ZAPISI
Error[113]  : Symbol not previously defined (ZPOZ_2MS)
Error[152]  : Executable code and data must be defined in an appropriate section
0000                  00028         CALL ZPOZ_2MS
Error[152]  : Executable code and data must be defined in an appropriate section
0000                  00029         return
                      00030 ;*******************************************************************************************************
                            *************
Error[150]  : Labels must be defined in a code or data section when making an object file
0000                  00031 INIT8B: 
Error[152]  : Executable code and data must be defined in an appropriate section
0000                  00032         movlw   b'00111000'     ; 8 - bit
Error[151]  : Operand contains unresolvable labels or is too complex
Error[152]  : Executable code and data must be defined in an appropriate section
0000                  00033         call    ZAPISI
Error[152]  : Executable code and data must be defined in an appropriate section
0000                  00034         movlw   b'00001111'     ; LCD on, kurzor on,no blik 
Error[151]  : Operand contains unresolvable labels or is too complex
Error[152]  : Executable code and data must be defined in an appropriate section
0000                  00035         call    ZAPISI
Error[152]  : Executable code and data must be defined in an appropriate section
0000                  00036         return
                      00037 ;*******************************************************************************************************
                            *************
Error[150]  : Labels must be defined in a code or data section when making an object file
0000                  00038 LCD_1RADEK
Error[152]  : Executable code and data must be defined in an appropriate section
0000                  00039         movlw h'80'             ; adresa 00h - 0
Error[151]  : Operand contains unresolvable labels or is too complex
Error[152]  : Executable code and data must be defined in an appropriate section
0000                  00040         call ZAPISI
Error[152]  : Executable code and data must be defined in an appropriate section
0000                  00041         return
                      00042 ;*******************************************************************************************************
                            *************
Error[150]  : Labels must be defined in a code or data section when making an object file
0000                  00043 LCD_2RADEK
Error[152]  : Executable code and data must be defined in an appropriate section
0000                  00044         movlw h'AA'             ; adresa 2Ah - 42
Error[151]  : Operand contains unresolvable labels or is too complex
Error[152]  : Executable code and data must be defined in an appropriate section
MPASM 03.50 Released                                  LCD.ASM   1-30-2006  16:51:12         PAGE  3


LOC  OBJECT CODE     LINE SOURCE TEXT
  VALUE

0000                  00045         call ZAPISI
Error[152]  : Executable code and data must be defined in an appropriate section
0000                  00046         return
                      00047 ;**********************************************************
Error[150]  : Labels must be defined in a code or data section when making an object file
0000                  00048 LCD_3RADEK
Error[152]  : Executable code and data must be defined in an appropriate section
0000                  00049         movlw h'90'             ; adresa 10h - 16
Error[151]  : Operand contains unresolvable labels or is too complex
Error[152]  : Executable code and data must be defined in an appropriate section
0000                  00050         call ZAPISI
Error[152]  : Executable code and data must be defined in an appropriate section
0000                  00051         return
                      00052 ;**********************************************************
Error[150]  : Labels must be defined in a code or data section when making an object file
0000                  00053 LCD_4RADEK
Error[152]  : Executable code and data must be defined in an appropriate section
0000                  00054         movlw h'd0'             ; adresa 50h - 80
Error[151]  : Operand contains unresolvable labels or is too complex
Error[152]  : Executable code and data must be defined in an appropriate section
0000                  00055         call ZAPISI
Error[152]  : Executable code and data must be defined in an appropriate section
0000                  00056         return
                      00057 ;**********************************************************
Error[150]  : Labels must be defined in a code or data section when making an object file
0000                  00058 CZ_INI  
Error[113]  : Symbol not previously defined (TMP3)
Error[152]  : Executable code and data must be defined in an appropriate section
0000                  00059         clrf    TMP3            ; cislo bytu, ktery jsme naplnily do uzivatelske pameti LCD
Error[152]  : Executable code and data must be defined in an appropriate section
0000                  00060         movlw   0x40            ; prvni adresa znaku v LCD displeji
Error[151]  : Operand contains unresolvable labels or is too complex
Error[152]  : Executable code and data must be defined in an appropriate section
0000                  00061         call    ZAPISI
Error[150]  : Labels must be defined in a code or data section when making an object file
0000                  00062 CZ_INI_2        
Error[113]  : Symbol not previously defined (TMP3)
Error[152]  : Executable code and data must be defined in an appropriate section
0000                  00063         movf    TMP3,W
Error[151]  : Operand contains unresolvable labels or is too complex
Error[152]  : Executable code and data must be defined in an appropriate section
0000                  00064         call    TAB_CZ
Error[151]  : Operand contains unresolvable labels or is too complex
Error[152]  : Executable code and data must be defined in an appropriate section
0000                  00065         call    ZAPISD
Error[113]  : Symbol not previously defined (TMP3)
Error[152]  : Executable code and data must be defined in an appropriate section
0000                  00066         incf    TMP3,F
Error[152]  : Executable code and data must be defined in an appropriate section
0000                  00067         movlw   0x40            ; až ADRESA dosáhne 40h tak je konec
Error[113]  : Symbol not previously defined (TMP3)
Error[152]  : Executable code and data must be defined in an appropriate section
0000                  00068         subwf   TMP3,W
MPASM 03.50 Released                                  LCD.ASM   1-30-2006  16:51:12         PAGE  4


LOC  OBJECT CODE     LINE SOURCE TEXT
  VALUE

Error[113]  : Symbol not previously defined (STATUS)
Error[113]  : Symbol not previously defined (Z)
Error[152]  : Executable code and data must be defined in an appropriate section
0000                  00069         btfss   STATUS,Z
Error[151]  : Operand contains unresolvable labels or is too complex
Error[152]  : Executable code and data must be defined in an appropriate section
0000                  00070         goto    CZ_INI_2
                      00071 
Error[152]  : Executable code and data must be defined in an appropriate section
0000                  00072         return
                      00073 ;**********************************************************
Error[150]  : Labels must be defined in a code or data section when making an object file
0000                  00074 TAB_CZ  
Error[113]  : Symbol not previously defined (PCL)
Error[152]  : Executable code and data must be defined in an appropriate section
0000                  00075         addwf   PCL,F           ; definování ceských znaku pro LCD
                      00076 
                      00077         ; znak0 = 40h   á
Error[152]  : Executable code and data must be defined in an appropriate section
0000                  00078         retlw   0x02    ; '      X '
Error[152]  : Executable code and data must be defined in an appropriate section
0000                  00079         retlw   0x04    ; '     X  '
Error[152]  : Executable code and data must be defined in an appropriate section
0000                  00080         retlw   0x1E    ; '   XXXX '
Error[152]  : Executable code and data must be defined in an appropriate section
0000                  00081         retlw   0x01    ; '       X'
Error[152]  : Executable code and data must be defined in an appropriate section
0000                  00082         retlw   0x0F    ; '    XXXX'
Error[152]  : Executable code and data must be defined in an appropriate section
0000                  00083         retlw   0x11    ; '   X   X'
Error[152]  : Executable code and data must be defined in an appropriate section
0000                  00084         retlw   0x0F    ; '    XXXX'
Error[152]  : Executable code and data must be defined in an appropriate section
0000                  00085         retlw   0x00    ; '        '
                      00086         
                      00087         ; znak1 = 48h   í
Error[152]  : Executable code and data must be defined in an appropriate section
0000                  00088         retlw   0x02    ; '      X '
Error[152]  : Executable code and data must be defined in an appropriate section
0000                  00089         retlw   0x04    ; '     X  '
Error[152]  : Executable code and data must be defined in an appropriate section
0000                  00090         retlw   0x0C    ; '    XX  '
Error[152]  : Executable code and data must be defined in an appropriate section
0000                  00091         retlw   0x04    ; '     X  '
Error[152]  : Executable code and data must be defined in an appropriate section
0000                  00092         retlw   0x04    ; '     X  '
Error[152]  : Executable code and data must be defined in an appropriate section
0000                  00093         retlw   0x04    ; '     X  '
Error[152]  : Executable code and data must be defined in an appropriate section
0000                  00094         retlw   0x0E    ; '    XXX '
Error[152]  : Executable code and data must be defined in an appropriate section
0000                  00095         retlw   0x00    ; '        '
                      00096 
MPASM 03.50 Released                                  LCD.ASM   1-30-2006  16:51:12         PAGE  5


LOC  OBJECT CODE     LINE SOURCE TEXT
  VALUE

                      00097         ; znak2 = 50h   e s hackem
Error[152]  : Executable code and data must be defined in an appropriate section
0000                  00098         retlw   0x0A    ; '    X X '
Error[152]  : Executable code and data must be defined in an appropriate section
0000                  00099         retlw   0x04    ; '     X  '
Error[152]  : Executable code and data must be defined in an appropriate section
0000                  00100         retlw   0x0E    ; '    XXX '
Error[152]  : Executable code and data must be defined in an appropriate section
0000                  00101         retlw   0x11    ; '   X   X'
Error[152]  : Executable code and data must be defined in an appropriate section
0000                  00102         retlw   0x1F    ; '   XXXXX'
Error[152]  : Executable code and data must be defined in an appropriate section
0000                  00103         retlw   0x10    ; '   X    '
Error[152]  : Executable code and data must be defined in an appropriate section
0000                  00104         retlw   0x0E    ; '    XXX '
Error[152]  : Executable code and data must be defined in an appropriate section
0000                  00105         retlw   0x00    ; '        '
                      00106 
                      00107         ; znak3 = 58h   š
Error[152]  : Executable code and data must be defined in an appropriate section
0000                  00108         retlw   0x0A    ; '    X X '
Error[152]  : Executable code and data must be defined in an appropriate section
0000                  00109         retlw   0x04    ; '     X  '
Error[152]  : Executable code and data must be defined in an appropriate section
0000                  00110         retlw   0x0E    ; '    XXX '
Error[152]  : Executable code and data must be defined in an appropriate section
0000                  00111         retlw   0x10    ; '   X    '
Error[152]  : Executable code and data must be defined in an appropriate section
0000                  00112         retlw   0x0E    ; '    XXX '
Error[152]  : Executable code and data must be defined in an appropriate section
0000                  00113         retlw   0x01    ; '       X'
Error[152]  : Executable code and data must be defined in an appropriate section
0000                  00114         retlw   0x1E    ; '   XXXX '
Error[152]  : Executable code and data must be defined in an appropriate section
0000                  00115         retlw   0x00    ; '        '
                      00116 
                      00117         ; znak4 = 60h   c s hackem
Error[152]  : Executable code and data must be defined in an appropriate section
0000                  00118         retlw   0x0A    ; '    X X '
Error[152]  : Executable code and data must be defined in an appropriate section
0000                  00119         retlw   0x04    ; '     X  '
Error[152]  : Executable code and data must be defined in an appropriate section
0000                  00120         retlw   0x0E    ; '    XXX '
Error[152]  : Executable code and data must be defined in an appropriate section
0000                  00121         retlw   0x10    ; '   X    '
Error[152]  : Executable code and data must be defined in an appropriate section
0000                  00122         retlw   0x10    ; '   X    '
Error[152]  : Executable code and data must be defined in an appropriate section
0000                  00123         retlw   0x11    ; '   X   X'
Error[152]  : Executable code and data must be defined in an appropriate section
0000                  00124         retlw   0x0E    ; '    XXX '
Error[152]  : Executable code and data must be defined in an appropriate section
0000                  00125         retlw   0x00    ; '        '
MPASM 03.50 Released                                  LCD.ASM   1-30-2006  16:51:12         PAGE  6


LOC  OBJECT CODE     LINE SOURCE TEXT
  VALUE

                      00126 
                      00127         ; znak5 = 68h   r s hackem
Error[152]  : Executable code and data must be defined in an appropriate section
0000                  00128         retlw   0x0A    ; '    X X '
Error[152]  : Executable code and data must be defined in an appropriate section
0000                  00129         retlw   0x04    ; '     X  '
Error[152]  : Executable code and data must be defined in an appropriate section
0000                  00130         retlw   0x16    ; '   X XX '
Error[152]  : Executable code and data must be defined in an appropriate section
0000                  00131         retlw   0x19    ; '   XX  X'
Error[152]  : Executable code and data must be defined in an appropriate section
0000                  00132         retlw   0x10    ; '   X    '
Error[152]  : Executable code and data must be defined in an appropriate section
0000                  00133         retlw   0x10    ; '   X    '
Error[152]  : Executable code and data must be defined in an appropriate section
0000                  00134         retlw   0x10    ; '   X    '
Error[152]  : Executable code and data must be defined in an appropriate section
0000                  00135         retlw   0x00    ; '        '
                      00136 
                      00137         ; znak6 = 70h   z s hackem
Error[152]  : Executable code and data must be defined in an appropriate section
0000                  00138         retlw   0x0A    ; '    X X '
Error[152]  : Executable code and data must be defined in an appropriate section
0000                  00139         retlw   0x04    ; '     X  '
Error[152]  : Executable code and data must be defined in an appropriate section
0000                  00140         retlw   0x1F    ; '   XXXXX'
Error[152]  : Executable code and data must be defined in an appropriate section
0000                  00141         retlw   0x02    ; '      X '
Error[152]  : Executable code and data must be defined in an appropriate section
0000                  00142         retlw   0x04    ; '     X  '
Error[152]  : Executable code and data must be defined in an appropriate section
0000                  00143         retlw   0x08    ; '    X   '
Error[152]  : Executable code and data must be defined in an appropriate section
0000                  00144         retlw   0x1F    ; '   XXXXX'
Error[152]  : Executable code and data must be defined in an appropriate section
0000                  00145         retlw   0x00    ; '        '
                      00146 
                      00147         ; znak7 = 78h   ý
Error[152]  : Executable code and data must be defined in an appropriate section
0000                  00148         retlw   0x02    ; '      X '
Error[152]  : Executable code and data must be defined in an appropriate section
0000                  00149         retlw   0x04    ; '     X  '
Error[152]  : Executable code and data must be defined in an appropriate section
0000                  00150         retlw   0x11    ; '   X   X'
Error[152]  : Executable code and data must be defined in an appropriate section
0000                  00151         retlw   0x11    ; '   X   X'
Error[152]  : Executable code and data must be defined in an appropriate section
0000                  00152         retlw   0x0F    ; '    XXXX'
Error[152]  : Executable code and data must be defined in an appropriate section
0000                  00153         retlw   0x01    ; '       X'
Error[152]  : Executable code and data must be defined in an appropriate section
0000                  00154         retlw   0x0E    ; '    XXX '
Error[152]  : Executable code and data must be defined in an appropriate section
MPASM 03.50 Released                                  LCD.ASM   1-30-2006  16:51:12         PAGE  7


LOC  OBJECT CODE     LINE SOURCE TEXT
  VALUE

0000                  00155         retlw   0x00    ; '        '
                      00156 ;************************************************
Error[150]  : Labels must be defined in a code or data section when making an object file
0000                  00157 ZAPISI  
                      00158         ; krystal 20MHz => instrukce = 200ns
Error[113]  : Symbol not previously defined (LCD_RS)
Error[128]  : Missing argument(s)
Error[152]  : Executable code and data must be defined in an appropriate section
0000                  00159         BCF LCD_RS                      ; RS na  RB2 je 0 - instrukce
Error[113]  : Symbol not previously defined (LCD_RW)
Error[128]  : Missing argument(s)
Error[152]  : Executable code and data must be defined in an appropriate section
0000                  00160         BCF LCD_RW                      ; R/W na RB1 je 0 - zapis
Error[152]  : Executable code and data must be defined in an appropriate section
0000                  00161         nop                                     ; Tas min 140ns
Error[113]  : Symbol not previously defined (PORTD)
Error[152]  : Executable code and data must be defined in an appropriate section
0000                  00162         MOVWF   PORTD
Error[152]  : Executable code and data must be defined in an appropriate section
0000                  00163         nop
Error[152]  : Executable code and data must be defined in an appropriate section
0000                  00164         nop
Error[152]  : Executable code and data must be defined in an appropriate section
0000                  00165         nop
Error[152]  : Executable code and data must be defined in an appropriate section
0000                  00166         nop
Error[152]  : Executable code and data must be defined in an appropriate section
0000                  00167         nop
Error[152]  : Executable code and data must be defined in an appropriate section
0000                  00168         nop
Error[152]  : Executable code and data must be defined in an appropriate section
0000                  00169         nop
Error[152]  : Executable code and data must be defined in an appropriate section
0000                  00170         nop
Error[152]  : Executable code and data must be defined in an appropriate section
0000                  00171         nop
Error[152]  : Executable code and data must be defined in an appropriate section
0000                  00172         nop
Error[113]  : Symbol not previously defined (LCD_ENABLE)
Error[128]  : Missing argument(s)
Error[152]  : Executable code and data must be defined in an appropriate section
0000                  00173         BSF LCD_ENABLE
Error[152]  : Executable code and data must be defined in an appropriate section
0000                  00174         NOP
Error[152]  : Executable code and data must be defined in an appropriate section
0000                  00175         NOP
Error[152]  : Executable code and data must be defined in an appropriate section
0000                  00176         nop
Error[152]  : Executable code and data must be defined in an appropriate section
0000                  00177         nop
Error[152]  : Executable code and data must be defined in an appropriate section
0000                  00178         NOP                                     ; ENABLE slespon 450ns v log1
Error[113]  : Symbol not previously defined (LCD_ENABLE)
MPASM 03.50 Released                                  LCD.ASM   1-30-2006  16:51:12         PAGE  8


LOC  OBJECT CODE     LINE SOURCE TEXT
  VALUE

Error[128]  : Missing argument(s)
Error[152]  : Executable code and data must be defined in an appropriate section
0000                  00179         bcf LCD_ENABLE
Error[152]  : Executable code and data must be defined in an appropriate section
0000                  00180         NOP
Error[152]  : Executable code and data must be defined in an appropriate section
0000                  00181         NOP
Error[152]  : Executable code and data must be defined in an appropriate section
0000                  00182         nop
Error[152]  : Executable code and data must be defined in an appropriate section
0000                  00183         nop
Error[152]  : Executable code and data must be defined in an appropriate section
0000                  00184         NOP
Error[113]  : Symbol not previously defined (LCD_ENABLE)
Error[128]  : Missing argument(s)
Error[152]  : Executable code and data must be defined in an appropriate section
0000                  00185         bsf LCD_ENABLE
                      00186 
Error[113]  : Symbol not previously defined (ZPOZ_50US)
Error[152]  : Executable code and data must be defined in an appropriate section
0000                  00187         CALL ZPOZ_50US      ; zpozdeni 50 uS na vykonani instrukce
Error[152]  : Executable code and data must be defined in an appropriate section
0000                  00188         RETURN
                      00189 ;**********************************************************
Error[150]  : Labels must be defined in a code or data section when making an object file
0000                  00190 ZAPISD  
                      00191         ; krystal 20MHz => instrukce = 200ns
Error[113]  : Symbol not previously defined (LCD_RS)
Error[128]  : Missing argument(s)
Error[152]  : Executable code and data must be defined in an appropriate section
0000                  00192         BSF LCD_RS                      ; RS na  RB2 je 1 - DATA
Error[113]  : Symbol not previously defined (LCD_RW)
Error[128]  : Missing argument(s)
Error[152]  : Executable code and data must be defined in an appropriate section
0000                  00193         BCF LCD_RW                      ; R/W na RB1 je 0 - zapis
Error[152]  : Executable code and data must be defined in an appropriate section
0000                  00194         nop                                     ; Tas min 140ns
Error[113]  : Symbol not previously defined (PORTD)
Error[152]  : Executable code and data must be defined in an appropriate section
0000                  00195         MOVWF   PORTD
Error[152]  : Executable code and data must be defined in an appropriate section
0000                  00196         nop
Error[152]  : Executable code and data must be defined in an appropriate section
0000                  00197         nop
Error[152]  : Executable code and data must be defined in an appropriate section
0000                  00198         nop
Error[152]  : Executable code and data must be defined in an appropriate section
0000                  00199         nop
Error[152]  : Executable code and data must be defined in an appropriate section
0000                  00200         nop
Error[152]  : Executable code and data must be defined in an appropriate section
0000                  00201         nop
Error[152]  : Executable code and data must be defined in an appropriate section
MPASM 03.50 Released                                  LCD.ASM   1-30-2006  16:51:12         PAGE  9


LOC  OBJECT CODE     LINE SOURCE TEXT
  VALUE

0000                  00202         nop
Error[152]  : Executable code and data must be defined in an appropriate section
0000                  00203         nop
Error[152]  : Executable code and data must be defined in an appropriate section
0000                  00204         nop
Error[152]  : Executable code and data must be defined in an appropriate section
0000                  00205         nop
Error[113]  : Symbol not previously defined (LCD_ENABLE)
Error[128]  : Missing argument(s)
Error[152]  : Executable code and data must be defined in an appropriate section
0000                  00206         BSF LCD_ENABLE
Error[152]  : Executable code and data must be defined in an appropriate section
0000                  00207         NOP
Error[152]  : Executable code and data must be defined in an appropriate section
0000                  00208         NOP
Error[152]  : Executable code and data must be defined in an appropriate section
0000                  00209         nop
Error[152]  : Executable code and data must be defined in an appropriate section
0000                  00210         nop
Error[152]  : Executable code and data must be defined in an appropriate section
0000                  00211         NOP                                     ; ENABLE slespon 450ns v log1
Error[113]  : Symbol not previously defined (LCD_ENABLE)
Error[128]  : Missing argument(s)
Error[152]  : Executable code and data must be defined in an appropriate section
0000                  00212         bcf LCD_ENABLE
Error[152]  : Executable code and data must be defined in an appropriate section
0000                  00213         NOP
Error[152]  : Executable code and data must be defined in an appropriate section
0000                  00214         NOP
Error[152]  : Executable code and data must be defined in an appropriate section
0000                  00215         nop
Error[152]  : Executable code and data must be defined in an appropriate section
0000                  00216         nop
Error[152]  : Executable code and data must be defined in an appropriate section
0000                  00217         NOP
                      00218         ;bsf LCD_ENABLE
                      00219 
Error[113]  : Symbol not previously defined (ZPOZ_50US)
Error[152]  : Executable code and data must be defined in an appropriate section
0000                  00220         CALL ZPOZ_50US      ; zpozdeni 50 uS na zapis data
Error[152]  : Executable code and data must be defined in an appropriate section
0000                  00221         RETURN
                      00222 ;**********************************************************
Error[129]  : Expected (END)
MPASM 03.50 Released                                  LCD.ASM   1-30-2006  16:51:12         PAGE 10


SYMBOL TABLE
  LABEL                             VALUE 

CZ_INI                            00000000
CZ_INI_2                          00000000
INIT8B                            00000000
INIT_LCD                          00000000
LCD_1RADEK                        00000000
LCD_2RADEK                        00000000
LCD_3RADEK                        00000000
LCD_4RADEK                        00000000
SMAZ_LCD                          00000000
TAB_CZ                            00000000
ZAPISD                            00000000
ZAPISI                            00000000
__16F877A                         00000001

Errors   :   240
Warnings :     0 reported,     0 suppressed
Messages :     0 reported,     0 suppressed

